// Jest Snapshot v1, https://goo.gl/fbAQLP

exports[`<InputMenu /> should render no height and opacity 1`] = `
.c0 {
  display: -webkit-box;
  display: -webkit-flex;
  display: -ms-flexbox;
  display: flex;
  -webkit-box-pack: center;
  -webkit-justify-content: center;
  -ms-flex-pack: center;
  justify-content: center;
  height: 0px;
  opacity: 0;
  -webkit-transition: all 200ms ease-in-out;
  transition: all 200ms ease-in-out;
}

.c0 > div {
  display: none;
}

.c0.open {
  height: 24rem;
  opacity: 1;
}

.c0.open > div {
  display: -webkit-box;
  display: -webkit-flex;
  display: -ms-flexbox;
  display: flex;
}

.c0.zero {
  height: 0px;
  opacity: 0;
}

.c1 {
  width: 80%;
  -webkit-flex-direction: column;
  -ms-flex-direction: column;
  flex-direction: column;
  -webkit-box-pack: center;
  -webkit-justify-content: center;
  -ms-flex-pack: center;
  justify-content: center;
}

.c2 {
  width: 100%;
  display: -webkit-box;
  display: -webkit-flex;
  display: -ms-flexbox;
  display: flex;
  -webkit-flex-direction: row;
  -ms-flex-direction: row;
  flex-direction: row;
  -webkit-box-pack: justify;
  -webkit-justify-content: space-between;
  -ms-flex-pack: justify;
  justify-content: space-between;
}

.c3 {
  color: #0A1128;
  font-size: 2rem;
  -webkit-transition: all 300ms ease-in-out;
  transition: all 300ms ease-in-out;
}

.c3.selected {
  color: rgb(207,207,45);
}

.c3:hover {
  color: rgb(230,159,28);
  cursor: pointer;
}

.c4 {
  margin: 2.4rem 0;
}

.c4 .control {
  display: -webkit-box;
  display: -webkit-flex;
  display: -ms-flexbox;
  display: flex;
  -webkit-box-pack: end;
  -webkit-justify-content: end;
  -ms-flex-pack: end;
  justify-content: end;
  position: relative;
  padding-left: 20px;
  margin-bottom: 5px;
  padding-top: 3px;
  cursor: pointer;
  font-size: 1.6rem;
}

.c4 .control input {
  position: absolute;
  z-index: -1;
  opacity: 0;
}

.c4 .control_indicator {
  position: absolute;
  top: 8px;
  left: 0px;
  height: 10px;
  width: 10px;
  background: #e6e6e7;
  border: 0px solid #000000;
}

.c4 .control:hover input ~ .control_indicator,
.c4 .control input:focus ~ .control_indicator {
  background: #cccccc;
}

.c4 .control input:checked ~ .control_indicator {
  background: #0a1128;
}

.c4 .control:hover input:not([disabled]):checked ~ .control_indicator,
.c4 .control input:checked:focus ~ .control_indicator {
  background: #0a1128;
}

.c4 .control input:disabled ~ .control_indicator {
  background: #e6e6e6;
  opacity: 0.6;
  pointer-events: none;
}

.c4 .control_indicator:after {
  box-sizing: unset;
  content: '';
  position: absolute;
  display: none;
}

.c4 .control input:checked ~ .control_indicator:after {
  display: block;
}

.c4 .control-radio .control_indicator {
  border-radius: 50%;
}

.c4 .control-radio .control_indicator:after {
  left: 7px;
  top: 7px;
  height: 0px;
  width: 0px;
  border-radius: 50%;
  background: #0a1128;
  -webkit-transition: background 250ms;
  transition: background 250ms;
}

.c4 .control-radio input:disabled ~ .control_indicator:after {
  background: #7b7b7b;
}

@media (min-width:768px) {
  .c0.open {
    height: 15rem;
  }
}

@media (min-width:768px) {
  .c0 {
    height: 24rem;
    opacity: 1;
  }

  .c0 > div {
    display: -webkit-box;
    display: -webkit-flex;
    display: -ms-flexbox;
    display: flex;
  }
}

@media (min-width:768px) {
  .c1 {
    width: 90%;
  }
}

@media (min-width:768px) {
  .c2 {
    -webkit-box-pack: space-around;
    -webkit-justify-content: space-around;
    -ms-flex-pack: space-around;
    justify-content: space-around;
  }
}

@media (min-width:768px) {
  .c4 .control {
    text-align: center;
  }
}

@media (min-width:768px) {
  .c4 .control-group {
    display: -webkit-box;
    display: -webkit-flex;
    display: -ms-flexbox;
    display: flex;
    -webkit-flex-direction: row;
    -ms-flex-direction: row;
    flex-direction: row;
    -webkit-box-pack: justify;
    -webkit-justify-content: space-between;
    -ms-flex-pack: justify;
    justify-content: space-between;
  }

  .c4 .control {
    display: -webkit-box;
    display: -webkit-flex;
    display: -ms-flexbox;
    display: flex;
    -webkit-box-pack: end;
    -webkit-justify-content: end;
    -ms-flex-pack: end;
    justify-content: end;
    position: relative;
    margin-bottom: 5px;
    padding-top: 3px;
    cursor: pointer;
    font-size: 1.6rem;
  }
}

<div>
  <div
    aria-label="InputMenu"
    class="c0 false false"
  >
    <div
      class="c1"
    >
      <div
        class="c2"
      >
        <a
          class="c3 selected"
          id="Areia"
        >
          Areia
        </a>
        <a
          class="c3"
          id="Silte"
        >
          Silte
        </a>
        <a
          class="c3"
          id="Argila"
        >
          Argila
        </a>
      </div>
      <div
        class="c4"
      >
        <div
          class="control-group"
        >
          <label
            class="control control-radio"
          >
            Areia Comum
            <input
              id="1"
              name="soil 0"
              type="radio"
              value="Areia Comum"
            />
            <div
              class="control_indicator"
            />
          </label>
          <label
            class="control control-radio"
          >
            Areia Siltosa
            <input
              id="2"
              name="soil 0"
              type="radio"
              value="Areia Siltosa"
            />
            <div
              class="control_indicator"
            />
          </label>
          <label
            class="control control-radio"
          >
            Areia Siltoargilosa
            <input
              id="3"
              name="soil 0"
              type="radio"
              value="Areia Siltoargilosa"
            />
            <div
              class="control_indicator"
            />
          </label>
          <label
            class="control control-radio"
          >
            Areia Argilosa
            <input
              id="4"
              name="soil 0"
              type="radio"
              value="Areia Argilosa"
            />
            <div
              class="control_indicator"
            />
          </label>
          <label
            class="control control-radio"
          >
            Areia Argilossiltosa
            <input
              id="5"
              name="soil 0"
              type="radio"
              value="Areia Argilossiltosa"
            />
            <div
              class="control_indicator"
            />
          </label>
        </div>
      </div>
    </div>
  </div>
</div>
`;
