// Jest Snapshot v1, https://goo.gl/fbAQLP

exports[`<Heading /> should match snapshot 1`] = `
.c0 {
  color: white;
  margin: 0;
  margin-bottom: 1.6rem;
  padding: 3.2rem;
  background: #0A1128;
  text-align: center;
  font-size: 5.6rem;
  text-transform: none;
}

@media (max-width:768px) {
  .c0 {
    font-size: 4.0rem;
  }
}

<div>
  <h1
    class="c0"
  >
    texto
  </h1>
</div>
`;
